// Jest Snapshot v1, https://goo.gl/fbAQLP

exports[`Test that the Modal renders 1`] = `
<div
  className="modal"
>
  <div
    className="modal__outer"
  >
    <div
      className="modal__inner"
    >
      <div
        className="modal__button-container"
      >
        <button
          onClick={[MockFunction]}
          type="button"
        >
          Close
        </button>
      </div>
      <div
        className="modal__content"
      >
        <p />
      </div>
      <div
        className="modal__button-container"
      >
        <a
          className="modal__link"
        >
          Read on original site
        </a>
      </div>
    </div>
  </div>
</div>
`;
